
cn@LAPTOP-AIJURPEL MINGW64 /d/work/gitrepo/278
$ ls

cn@LAPTOP-AIJURPEL MINGW64 /d/work/gitrepo/278
$ pwd
/d/work/gitrepo/278

cn@LAPTOP-AIJURPEL MINGW64 /d/work/gitrepo/278
$ git init
Initialized empty Git repository in D:/work/gitrepo/278/.git/

cn@LAPTOP-AIJURPEL MINGW64 /d/work/gitrepo/278 (master)
$ ls -a
./  ../  .git/

cn@LAPTOP-AIJURPEL MINGW64 /d/work/gitrepo/278 (master)
$ touch 111.txt

cn@LAPTOP-AIJURPEL MINGW64 /d/work/gitrepo/278 (master)
$ git status
On branch master

No commits yet

Untracked files:
  (use "git add <file>..." to include in what will be committed)

        111.txt
        222.txt

nothing added to commit but untracked files present (use "git add" to track)

cn@LAPTOP-AIJURPEL MINGW64 /d/work/gitrepo/278 (master)
$ git add 111.txt
111.txt  222.txt

cn@LAPTOP-AIJURPEL MINGW64 /d/work/gitrepo/278 (master)
$ git add 111.txt
111.txt  222.txt

cn@LAPTOP-AIJURPEL MINGW64 /d/work/gitrepo/278 (master)
$ git add *.txt

cn@LAPTOP-AIJURPEL MINGW64 /d/work/gitrepo/278 (master)
$ git status
On branch master

No commits yet

Changes to be committed:
  (use "git rm --cached <file>..." to unstage)

        new file:   111.txt
        new file:   222.txt


cn@LAPTOP-AIJURPEL MINGW64 /d/work/gitrepo/278 (master)
$ git commit -m 首次提交
[master (root-commit) 3498024] 首次提交
 2 files changed, 0 insertions(+), 0 deletions(-)
 create mode 100644 111.txt
 create mode 100644 222.txt

cn@LAPTOP-AIJURPEL MINGW64 /d/work/gitrepo/278 (master)
$ git status
On branch master
nothing to commit, working tree clean

cn@LAPTOP-AIJURPEL MINGW64 /d/work/gitrepo/278 (master)
$ notepad++ 111.txt
bash: notepad++: command not found

cn@LAPTOP-AIJURPEL MINGW64 /d/work/gitrepo/278 (master)
$ notepad++ 111.txt
bash: notepad++: command not found

cn@LAPTOP-AIJURPEL MINGW64 /d/work/gitrepo/278 (master)
$
